 restricted \write18 enabled.
**ccbase01
(./ccbase01.tex (/home/crusius/texmf/tex/plain/ccrusius/ccbase.tex File `ccbase
.tex' v1.00   <2014/11/23>) (/home/crusius/texmf/tex/plain/ccrusius/ccbase.tex)
0.120000)
No pages of output.

PDF statistics: 0 PDF objects out of 1000 (max. 8388607)
 0 named destinations out of 1000 (max. 131072)
 1 words of extra memory for PDF output out of 10000 (max. 10000000)

